// Jest Snapshot v1, https://goo.gl/fbAQLP

exports[`sudoku-core hint method should solve the easy board 1`] = `
[
  3,
  4,
  null,
  1,
  null,
  5,
  7,
  6,
  null,
  null,
  7,
  null,
  null,
  null,
  null,
  5,
  8,
  null,
  5,
  null,
  null,
  null,
  7,
  null,
  1,
  2,
  null,
  8,
  1,
  null,
  null,
  null,
  null,
  9,
  5,
  null,
  null,
  3,
  null,
  null,
  4,
  null,
  2,
  null,
  6,
  6,
  2,
  5,
  7,
  null,
  1,
  3,
  4,
  null,
  null,
  5,
  7,
  null,
  2,
  6,
  8,
  3,
  1,
  null,
  8,
  1,
  3,
  null,
  null,
  6,
  null,
  null,
  null,
  null,
  null,
  null,
  null,
  9,
  4,
  null,
  null,
]
`;

exports[`sudoku-core hint method should solve the easy board 2`] = `
[
  {
    "strategy": "Open Singles Strategy",
    "type": "value",
    "updates": [
      {
        "filledValue": 2,
        "index": 42,
      },
    ],
  },
]
`;

exports[`sudoku-core hint method should solve the expert board 1`] = `
[
  null,
  null,
  null,
  null,
  7,
  9,
  null,
  null,
  6,
  null,
  1,
  null,
  null,
  5,
  6,
  null,
  null,
  null,
  null,
  null,
  null,
  8,
  null,
  null,
  null,
  5,
  null,
  null,
  7,
  4,
  9,
  null,
  5,
  null,
  2,
  8,
  3,
  6,
  null,
  null,
  null,
  null,
  null,
  1,
  null,
  null,
  null,
  5,
  1,
  null,
  null,
  null,
  null,
  null,
  6,
  5,
  null,
  null,
  null,
  null,
  null,
  8,
  null,
  null,
  null,
  null,
  null,
  null,
  null,
  4,
  null,
  2,
  9,
  null,
  null,
  null,
  1,
  null,
  null,
  7,
  null,
]
`;

exports[`sudoku-core hint method should solve the expert board 2`] = `
[
  {
    "strategy": "Visual Elimination Strategy",
    "type": "value",
    "updates": [
      {
        "filledValue": 7,
        "index": 28,
      },
    ],
  },
]
`;

exports[`sudoku-core hint method should solve the hard board 1`] = `
[
  2,
  null,
  8,
  null,
  3,
  null,
  6,
  null,
  null,
  null,
  null,
  1,
  null,
  null,
  6,
  null,
  null,
  7,
  null,
  5,
  4,
  8,
  null,
  1,
  null,
  null,
  null,
  5,
  null,
  null,
  null,
  null,
  null,
  null,
  3,
  1,
  9,
  null,
  null,
  null,
  5,
  4,
  null,
  null,
  null,
  7,
  null,
  null,
  null,
  null,
  null,
  null,
  9,
  null,
  8,
  null,
  null,
  null,
  null,
  9,
  null,
  null,
  null,
  null,
  null,
  null,
  2,
  null,
  null,
  null,
  null,
  null,
  null,
  6,
  null,
  null,
  4,
  null,
  null,
  5,
  2,
]
`;

exports[`sudoku-core hint method should solve the hard board 2`] = `
[
  {
    "strategy": "Visual Elimination Strategy",
    "type": "value",
    "updates": [
      {
        "filledValue": 2,
        "index": 0,
      },
    ],
  },
]
`;

exports[`sudoku-core hint method should solve the master board 1`] = `
[
  null,
  null,
  null,
  null,
  null,
  null,
  null,
  4,
  null,
  6,
  9,
  null,
  null,
  null,
  5,
  8,
  null,
  null,
  null,
  null,
  null,
  null,
  7,
  8,
  6,
  3,
  9,
  null,
  null,
  null,
  null,
  null,
  4,
  null,
  5,
  null,
  null,
  8,
  null,
  6,
  null,
  null,
  9,
  1,
  null,
  2,
  null,
  5,
  null,
  null,
  9,
  null,
  null,
  null,
  null,
  1,
  null,
  null,
  null,
  null,
  null,
  null,
  null,
  null,
  5,
  null,
  null,
  null,
  null,
  null,
  null,
  8,
  null,
  null,
  6,
  null,
  1,
  null,
  2,
  null,
  null,
]
`;

exports[`sudoku-core hint method should solve the master board 2`] = `
[
  {
    "strategy": "Single Candidate Strategy",
    "type": "value",
    "updates": [
      {
        "filledValue": 6,
        "index": 24,
      },
    ],
  },
]
`;

exports[`sudoku-core hint method should solve the medium board 1`] = `
[
  7,
  3,
  6,
  null,
  null,
  null,
  null,
  2,
  1,
  2,
  null,
  null,
  null,
  null,
  8,
  5,
  null,
  6,
  5,
  null,
  8,
  1,
  null,
  null,
  null,
  null,
  3,
  null,
  null,
  null,
  null,
  3,
  7,
  null,
  1,
  5,
  4,
  7,
  null,
  null,
  null,
  null,
  null,
  null,
  8,
  null,
  8,
  null,
  6,
  null,
  2,
  null,
  null,
  null,
  null,
  null,
  null,
  null,
  9,
  3,
  null,
  7,
  null,
  9,
  null,
  null,
  null,
  null,
  1,
  null,
  null,
  null,
  null,
  null,
  null,
  4,
  null,
  5,
  null,
  null,
  9,
]
`;

exports[`sudoku-core hint method should solve the medium board 2`] = `
[
  {
    "strategy": "Visual Elimination Strategy",
    "type": "value",
    "updates": [
      {
        "filledValue": 5,
        "index": 18,
      },
    ],
  },
]
`;

exports[`sudoku-core solve method should solve the easy board 1`] = `
[
  3,
  4,
  2,
  1,
  8,
  5,
  7,
  6,
  9,
  1,
  7,
  6,
  9,
  3,
  2,
  5,
  8,
  4,
  5,
  9,
  8,
  6,
  7,
  4,
  1,
  2,
  3,
  8,
  1,
  4,
  2,
  6,
  3,
  9,
  5,
  7,
  7,
  3,
  9,
  5,
  4,
  8,
  2,
  1,
  6,
  6,
  2,
  5,
  7,
  9,
  1,
  3,
  4,
  8,
  9,
  5,
  7,
  4,
  2,
  6,
  8,
  3,
  1,
  4,
  8,
  1,
  3,
  5,
  7,
  6,
  9,
  2,
  2,
  6,
  3,
  8,
  1,
  9,
  4,
  7,
  5,
]
`;

exports[`sudoku-core solve method should solve the easy board 2`] = `
[
  {
    "strategy": "Open Singles Strategy",
    "type": "value",
    "updates": [
      {
        "filledValue": 2,
        "index": 42,
      },
    ],
  },
  {
    "strategy": "Visual Elimination Strategy",
    "type": "value",
    "updates": [
      {
        "filledValue": 9,
        "index": 8,
      },
    ],
  },
  {
    "strategy": "Visual Elimination Strategy",
    "type": "value",
    "updates": [
      {
        "filledValue": 8,
        "index": 4,
      },
    ],
  },
  {
    "strategy": "Open Singles Strategy",
    "type": "value",
    "updates": [
      {
        "filledValue": 2,
        "index": 2,
      },
    ],
  },
  {
    "strategy": "Visual Elimination Strategy",
    "type": "value",
    "updates": [
      {
        "filledValue": 4,
        "index": 29,
      },
    ],
  },
  {
    "strategy": "Visual Elimination Strategy",
    "type": "value",
    "updates": [
      {
        "filledValue": 7,
        "index": 35,
      },
    ],
  },
  {
    "strategy": "Visual Elimination Strategy",
    "type": "value",
    "updates": [
      {
        "filledValue": 9,
        "index": 38,
      },
    ],
  },
  {
    "strategy": "Open Singles Strategy",
    "type": "value",
    "updates": [
      {
        "filledValue": 7,
        "index": 36,
      },
    ],
  },
  {
    "strategy": "Visual Elimination Strategy",
    "type": "value",
    "updates": [
      {
        "filledValue": 6,
        "index": 11,
      },
    ],
  },
  {
    "strategy": "Visual Elimination Strategy",
    "type": "value",
    "updates": [
      {
        "filledValue": 9,
        "index": 19,
      },
    ],
  },
  {
    "strategy": "Open Singles Strategy",
    "type": "value",
    "updates": [
      {
        "filledValue": 6,
        "index": 73,
      },
    ],
  },
  {
    "strategy": "Visual Elimination Strategy",
    "type": "value",
    "updates": [
      {
        "filledValue": 1,
        "index": 9,
      },
    ],
  },
  {
    "strategy": "Open Singles Strategy",
    "type": "value",
    "updates": [
      {
        "filledValue": 8,
        "index": 20,
      },
    ],
  },
  {
    "strategy": "Open Singles Strategy",
    "type": "value",
    "updates": [
      {
        "filledValue": 3,
        "index": 74,
      },
    ],
  },
  {
    "strategy": "Visual Elimination Strategy",
    "type": "value",
    "updates": [
      {
        "filledValue": 8,
        "index": 41,
      },
    ],
  },
  {
    "strategy": "Visual Elimination Strategy",
    "type": "value",
    "updates": [
      {
        "filledValue": 5,
        "index": 39,
      },
    ],
  },
  {
    "strategy": "Open Singles Strategy",
    "type": "value",
    "updates": [
      {
        "filledValue": 1,
        "index": 43,
      },
    ],
  },
  {
    "strategy": "Open Singles Strategy",
    "type": "value",
    "updates": [
      {
        "filledValue": 8,
        "index": 53,
      },
    ],
  },
  {
    "strategy": "Open Singles Strategy",
    "type": "value",
    "updates": [
      {
        "filledValue": 9,
        "index": 49,
      },
    ],
  },
  {
    "strategy": "Visual Elimination Strategy",
    "type": "value",
    "updates": [
      {
        "filledValue": 3,
        "index": 13,
      },
    ],
  },
  {
    "strategy": "Visual Elimination Strategy",
    "type": "value",
    "updates": [
      {
        "filledValue": 4,
        "index": 17,
      },
    ],
  },
  {
    "strategy": "Open Singles Strategy",
    "type": "value",
    "updates": [
      {
        "filledValue": 3,
        "index": 26,
      },
    ],
  },
  {
    "strategy": "Visual Elimination Strategy",
    "type": "value",
    "updates": [
      {
        "filledValue": 2,
        "index": 14,
      },
    ],
  },
  {
    "strategy": "Open Singles Strategy",
    "type": "value",
    "updates": [
      {
        "filledValue": 9,
        "index": 12,
      },
    ],
  },
  {
    "strategy": "Visual Elimination Strategy",
    "type": "value",
    "updates": [
      {
        "filledValue": 4,
        "index": 23,
      },
    ],
  },
  {
    "strategy": "Open Singles Strategy",
    "type": "value",
    "updates": [
      {
        "filledValue": 6,
        "index": 21,
      },
    ],
  },
  {
    "strategy": "Visual Elimination Strategy",
    "type": "value",
    "updates": [
      {
        "filledValue": 2,
        "index": 30,
      },
    ],
  },
  {
    "strategy": "Visual Elimination Strategy",
    "type": "value",
    "updates": [
      {
        "filledValue": 6,
        "index": 31,
      },
    ],
  },
  {
    "strategy": "Open Singles Strategy",
    "type": "value",
    "updates": [
      {
        "filledValue": 3,
        "index": 32,
      },
    ],
  },
  {
    "strategy": "Open Singles Strategy",
    "type": "value",
    "updates": [
      {
        "filledValue": 7,
        "index": 68,
      },
    ],
  },
  {
    "strategy": "Visual Elimination Strategy",
    "type": "value",
    "updates": [
      {
        "filledValue": 4,
        "index": 57,
      },
    ],
  },
  {
    "strategy": "Open Singles Strategy",
    "type": "value",
    "updates": [
      {
        "filledValue": 9,
        "index": 54,
      },
    ],
  },
  {
    "strategy": "Open Singles Strategy",
    "type": "value",
    "updates": [
      {
        "filledValue": 8,
        "index": 75,
      },
    ],
  },
  {
    "strategy": "Visual Elimination Strategy",
    "type": "value",
    "updates": [
      {
        "filledValue": 5,
        "index": 67,
      },
    ],
  },
  {
    "strategy": "Open Singles Strategy",
    "type": "value",
    "updates": [
      {
        "filledValue": 1,
        "index": 76,
      },
    ],
  },
  {
    "strategy": "Visual Elimination Strategy",
    "type": "value",
    "updates": [
      {
        "filledValue": 9,
        "index": 70,
      },
    ],
  },
  {
    "strategy": "Open Singles Strategy",
    "type": "value",
    "updates": [
      {
        "filledValue": 7,
        "index": 79,
      },
    ],
  },
  {
    "strategy": "Visual Elimination Strategy",
    "type": "value",
    "updates": [
      {
        "filledValue": 2,
        "index": 71,
      },
    ],
  },
  {
    "strategy": "Open Singles Strategy",
    "type": "value",
    "updates": [
      {
        "filledValue": 4,
        "index": 63,
      },
    ],
  },
  {
    "strategy": "Open Singles Strategy",
    "type": "value",
    "updates": [
      {
        "filledValue": 2,
        "index": 72,
      },
    ],
  },
  {
    "strategy": "Open Singles Strategy",
    "type": "value",
    "updates": [
      {
        "filledValue": 5,
        "index": 80,
      },
    ],
  },
]
`;

exports[`sudoku-core solve method should solve the expert board 1`] = `
[
  5,
  2,
  8,
  3,
  7,
  9,
  1,
  4,
  6,
  4,
  1,
  3,
  2,
  5,
  6,
  8,
  9,
  7,
  7,
  9,
  6,
  8,
  4,
  1,
  2,
  5,
  3,
  1,
  7,
  4,
  9,
  3,
  5,
  6,
  2,
  8,
  3,
  6,
  9,
  7,
  8,
  2,
  5,
  1,
  4,
  2,
  8,
  5,
  1,
  6,
  4,
  7,
  3,
  9,
  6,
  5,
  7,
  4,
  2,
  3,
  9,
  8,
  1,
  8,
  3,
  1,
  5,
  9,
  7,
  4,
  6,
  2,
  9,
  4,
  2,
  6,
  1,
  8,
  3,
  7,
  5,
]
`;

exports[`sudoku-core solve method should solve the expert board 2`] = `
[
  {
    "strategy": "Visual Elimination Strategy",
    "type": "value",
    "updates": [
      {
        "filledValue": 7,
        "index": 28,
      },
    ],
  },
  {
    "strategy": "Visual Elimination Strategy",
    "type": "value",
    "updates": [
      {
        "filledValue": 1,
        "index": 27,
      },
    ],
  },
  {
    "strategy": "Single Candidate Strategy",
    "type": "value",
    "updates": [
      {
        "filledValue": 1,
        "index": 6,
      },
    ],
  },
  {
    "strategy": "Single Candidate Strategy",
    "type": "value",
    "updates": [
      {
        "filledValue": 5,
        "index": 0,
      },
    ],
  },
  {
    "strategy": "Single Candidate Strategy",
    "type": "value",
    "updates": [
      {
        "filledValue": 1,
        "index": 23,
      },
    ],
  },
  {
    "strategy": "Single Candidate Strategy",
    "type": "value",
    "updates": [
      {
        "filledValue": 6,
        "index": 20,
      },
    ],
  },
  {
    "strategy": "Single Candidate Strategy",
    "type": "value",
    "updates": [
      {
        "filledValue": 1,
        "index": 65,
      },
    ],
  },
  {
    "strategy": "Single Candidate Strategy",
    "type": "value",
    "updates": [
      {
        "filledValue": 1,
        "index": 62,
      },
    ],
  },
  {
    "strategy": "Single Candidate Strategy",
    "type": "value",
    "updates": [
      {
        "filledValue": 5,
        "index": 66,
      },
    ],
  },
  {
    "strategy": "Single Candidate Strategy",
    "type": "value",
    "updates": [
      {
        "filledValue": 6,
        "index": 75,
      },
    ],
  },
  {
    "strategy": "Single Candidate Strategy",
    "type": "value",
    "updates": [
      {
        "filledValue": 6,
        "index": 70,
      },
    ],
  },
  {
    "strategy": "Single Candidate Strategy",
    "type": "value",
    "updates": [
      {
        "filledValue": 9,
        "index": 67,
      },
    ],
  },
  {
    "strategy": "Single Candidate Strategy",
    "type": "value",
    "updates": [
      {
        "filledValue": 9,
        "index": 60,
      },
    ],
  },
  {
    "strategy": "Single Candidate Strategy",
    "type": "value",
    "updates": [
      {
        "filledValue": 8,
        "index": 15,
      },
    ],
  },
  {
    "strategy": "Single Candidate Strategy",
    "type": "value",
    "updates": [
      {
        "filledValue": 2,
        "index": 24,
      },
    ],
  },
  {
    "strategy": "Single Candidate Strategy",
    "type": "value",
    "updates": [
      {
        "filledValue": 4,
        "index": 73,
      },
    ],
  },
  {
    "strategy": "Pointing Elimination Strategy",
    "type": "elimination",
    "updates": [
      {
        "eliminatedCandidate": 8,
        "index": 9,
      },
      {
        "eliminatedCandidate": 8,
        "index": 11,
      },
      {
        "eliminatedCandidate": 8,
        "index": 18,
      },
      {
        "eliminatedCandidate": 8,
        "index": 19,
      },
    ],
  },
  {
    "strategy": "Pointing Elimination Strategy",
    "type": "elimination",
    "updates": [
      {
        "eliminatedCandidate": 8,
        "index": 9,
      },
      {
        "eliminatedCandidate": 8,
        "index": 11,
      },
      {
        "eliminatedCandidate": 8,
        "index": 18,
      },
      {
        "eliminatedCandidate": 8,
        "index": 19,
      },
    ],
  },
  {
    "strategy": "Pointing Elimination Strategy",
    "type": "elimination",
    "updates": [
      {
        "eliminatedCandidate": 8,
        "index": 9,
      },
      {
        "eliminatedCandidate": 8,
        "index": 11,
      },
      {
        "eliminatedCandidate": 8,
        "index": 18,
      },
      {
        "eliminatedCandidate": 8,
        "index": 19,
      },
    ],
  },
  {
    "strategy": "Pointing Elimination Strategy",
    "type": "elimination",
    "updates": [
      {
        "eliminatedCandidate": 8,
        "index": 9,
      },
      {
        "eliminatedCandidate": 8,
        "index": 11,
      },
      {
        "eliminatedCandidate": 8,
        "index": 18,
      },
      {
        "eliminatedCandidate": 8,
        "index": 19,
      },
    ],
  },
  {
    "strategy": "Pointing Elimination Strategy",
    "type": "elimination",
    "updates": [
      {
        "eliminatedCandidate": 8,
        "index": 9,
      },
      {
        "eliminatedCandidate": 8,
        "index": 18,
      },
      {
        "eliminatedCandidate": 8,
        "index": 19,
      },
    ],
  },
  {
    "strategy": "Pointing Elimination Strategy",
    "type": "elimination",
    "updates": [
      {
        "eliminatedCandidate": 8,
        "index": 18,
      },
      {
        "eliminatedCandidate": 8,
        "index": 19,
      },
    ],
  },
  {
    "strategy": "Pointing Elimination Strategy",
    "type": "elimination",
    "updates": [
      {
        "eliminatedCandidate": 5,
        "index": 33,
      },
      {
        "eliminatedCandidate": 5,
        "index": 51,
      },
      {
        "eliminatedCandidate": 5,
        "index": 52,
      },
      {
        "eliminatedCandidate": 5,
        "index": 53,
      },
    ],
  },
  {
    "strategy": "Pointing Elimination Strategy",
    "type": "elimination",
    "updates": [
      {
        "eliminatedCandidate": 5,
        "index": 33,
      },
      {
        "eliminatedCandidate": 5,
        "index": 51,
      },
      {
        "eliminatedCandidate": 5,
        "index": 52,
      },
    ],
  },
  {
    "strategy": "Pointing Elimination Strategy",
    "type": "elimination",
    "updates": [
      {
        "eliminatedCandidate": 5,
        "index": 33,
      },
    ],
  },
  {
    "strategy": "Pointing Elimination Strategy",
    "type": "elimination",
    "updates": [
      {
        "eliminatedCandidate": 4,
        "index": 68,
      },
      {
        "eliminatedCandidate": 4,
        "index": 77,
      },
    ],
  },
  {
    "strategy": "Pointing Elimination Strategy",
    "type": "elimination",
    "updates": [
      {
        "eliminatedCandidate": 4,
        "index": 1,
      },
      {
        "eliminatedCandidate": 4,
        "index": 2,
      },
      {
        "eliminatedCandidate": 4,
        "index": 11,
      },
    ],
  },
  {
    "strategy": "Single Candidate Strategy",
    "type": "value",
    "updates": [
      {
        "filledValue": 9,
        "index": 38,
      },
    ],
  },
  {
    "strategy": "Single Candidate Strategy",
    "type": "value",
    "updates": [
      {
        "filledValue": 9,
        "index": 19,
      },
    ],
  },
  {
    "strategy": "Naked Pair Strategy",
    "type": "elimination",
    "updates": [
      {
        "eliminatedCandidate": 2,
        "index": 49,
      },
      {
        "eliminatedCandidate": 8,
        "index": 49,
      },
      {
        "eliminatedCandidate": 2,
        "index": 50,
      },
      {
        "eliminatedCandidate": 8,
        "index": 50,
      },
      {
        "eliminatedCandidate": 2,
        "index": 51,
      },
      {
        "eliminatedCandidate": 8,
        "index": 51,
      },
      {
        "eliminatedCandidate": 2,
        "index": 52,
      },
      {
        "eliminatedCandidate": 8,
        "index": 52,
      },
      {
        "eliminatedCandidate": 2,
        "index": 53,
      },
      {
        "eliminatedCandidate": 8,
        "index": 53,
      },
    ],
  },
  {
    "strategy": "Single Candidate Strategy",
    "type": "value",
    "updates": [
      {
        "filledValue": 6,
        "index": 49,
      },
    ],
  },
  {
    "strategy": "Visual Elimination Strategy",
    "type": "value",
    "updates": [
      {
        "filledValue": 3,
        "index": 31,
      },
    ],
  },
  {
    "strategy": "Open Singles Strategy",
    "type": "value",
    "updates": [
      {
        "filledValue": 6,
        "index": 33,
      },
    ],
  },
  {
    "strategy": "Visual Elimination Strategy",
    "type": "value",
    "updates": [
      {
        "filledValue": 4,
        "index": 22,
      },
    ],
  },
  {
    "strategy": "Visual Elimination Strategy",
    "type": "value",
    "updates": [
      {
        "filledValue": 7,
        "index": 18,
      },
    ],
  },
  {
    "strategy": "Open Singles Strategy",
    "type": "value",
    "updates": [
      {
        "filledValue": 3,
        "index": 26,
      },
    ],
  },
  {
    "strategy": "Visual Elimination Strategy",
    "type": "value",
    "updates": [
      {
        "filledValue": 4,
        "index": 7,
      },
    ],
  },
  {
    "strategy": "Visual Elimination Strategy",
    "type": "value",
    "updates": [
      {
        "filledValue": 9,
        "index": 16,
      },
    ],
  },
  {
    "strategy": "Open Singles Strategy",
    "type": "value",
    "updates": [
      {
        "filledValue": 3,
        "index": 52,
      },
    ],
  },
  {
    "strategy": "Open Singles Strategy",
    "type": "value",
    "updates": [
      {
        "filledValue": 7,
        "index": 17,
      },
    ],
  },
  {
    "strategy": "Visual Elimination Strategy",
    "type": "value",
    "updates": [
      {
        "filledValue": 7,
        "index": 51,
      },
    ],
  },
  {
    "strategy": "Visual Elimination Strategy",
    "type": "value",
    "updates": [
      {
        "filledValue": 5,
        "index": 42,
      },
    ],
  },
  {
    "strategy": "Open Singles Strategy",
    "type": "value",
    "updates": [
      {
        "filledValue": 3,
        "index": 78,
      },
    ],
  },
  {
    "strategy": "Open Singles Strategy",
    "type": "value",
    "updates": [
      {
        "filledValue": 5,
        "index": 80,
      },
    ],
  },
  {
    "strategy": "Visual Elimination Strategy",
    "type": "value",
    "updates": [
      {
        "filledValue": 4,
        "index": 44,
      },
    ],
  },
  {
    "strategy": "Open Singles Strategy",
    "type": "value",
    "updates": [
      {
        "filledValue": 9,
        "index": 53,
      },
    ],
  },
  {
    "strategy": "Visual Elimination Strategy",
    "type": "value",
    "updates": [
      {
        "filledValue": 2,
        "index": 58,
      },
    ],
  },
  {
    "strategy": "Open Singles Strategy",
    "type": "value",
    "updates": [
      {
        "filledValue": 8,
        "index": 40,
      },
    ],
  },
  {
    "strategy": "Visual Elimination Strategy",
    "type": "value",
    "updates": [
      {
        "filledValue": 8,
        "index": 63,
      },
    ],
  },
  {
    "strategy": "Visual Elimination Strategy",
    "type": "value",
    "updates": [
      {
        "filledValue": 2,
        "index": 45,
      },
    ],
  },
  {
    "strategy": "Open Singles Strategy",
    "type": "value",
    "updates": [
      {
        "filledValue": 4,
        "index": 9,
      },
    ],
  },
  {
    "strategy": "Open Singles Strategy",
    "type": "value",
    "updates": [
      {
        "filledValue": 8,
        "index": 46,
      },
    ],
  },
  {
    "strategy": "Open Singles Strategy",
    "type": "value",
    "updates": [
      {
        "filledValue": 4,
        "index": 50,
      },
    ],
  },
  {
    "strategy": "Visual Elimination Strategy",
    "type": "value",
    "updates": [
      {
        "filledValue": 3,
        "index": 64,
      },
    ],
  },
  {
    "strategy": "Open Singles Strategy",
    "type": "value",
    "updates": [
      {
        "filledValue": 7,
        "index": 68,
      },
    ],
  },
  {
    "strategy": "Open Singles Strategy",
    "type": "value",
    "updates": [
      {
        "filledValue": 2,
        "index": 1,
      },
    ],
  },
  {
    "strategy": "Visual Elimination Strategy",
    "type": "value",
    "updates": [
      {
        "filledValue": 3,
        "index": 3,
      },
    ],
  },
  {
    "strategy": "Open Singles Strategy",
    "type": "value",
    "updates": [
      {
        "filledValue": 8,
        "index": 2,
      },
    ],
  },
  {
    "strategy": "Open Singles Strategy",
    "type": "value",
    "updates": [
      {
        "filledValue": 3,
        "index": 11,
      },
    ],
  },
  {
    "strategy": "Open Singles Strategy",
    "type": "value",
    "updates": [
      {
        "filledValue": 2,
        "index": 12,
      },
    ],
  },
  {
    "strategy": "Visual Elimination Strategy",
    "type": "value",
    "updates": [
      {
        "filledValue": 7,
        "index": 39,
      },
    ],
  },
  {
    "strategy": "Open Singles Strategy",
    "type": "value",
    "updates": [
      {
        "filledValue": 2,
        "index": 41,
      },
    ],
  },
  {
    "strategy": "Open Singles Strategy",
    "type": "value",
    "updates": [
      {
        "filledValue": 4,
        "index": 57,
      },
    ],
  },
  {
    "strategy": "Visual Elimination Strategy",
    "type": "value",
    "updates": [
      {
        "filledValue": 7,
        "index": 56,
      },
    ],
  },
  {
    "strategy": "Open Singles Strategy",
    "type": "value",
    "updates": [
      {
        "filledValue": 3,
        "index": 59,
      },
    ],
  },
  {
    "strategy": "Open Singles Strategy",
    "type": "value",
    "updates": [
      {
        "filledValue": 2,
        "index": 74,
      },
    ],
  },
  {
    "strategy": "Open Singles Strategy",
    "type": "value",
    "updates": [
      {
        "filledValue": 8,
        "index": 77,
      },
    ],
  },
]
`;

exports[`sudoku-core solve method should solve the hard board 1`] = `
[
  2,
  7,
  8,
  9,
  3,
  5,
  6,
  1,
  4,
  3,
  9,
  1,
  4,
  2,
  6,
  5,
  8,
  7,
  6,
  5,
  4,
  8,
  7,
  1,
  3,
  2,
  9,
  5,
  4,
  6,
  7,
  9,
  2,
  8,
  3,
  1,
  9,
  8,
  3,
  1,
  5,
  4,
  2,
  7,
  6,
  7,
  1,
  2,
  6,
  8,
  3,
  4,
  9,
  5,
  8,
  2,
  7,
  5,
  6,
  9,
  1,
  4,
  3,
  4,
  3,
  5,
  2,
  1,
  7,
  9,
  6,
  8,
  1,
  6,
  9,
  3,
  4,
  8,
  7,
  5,
  2,
]
`;

exports[`sudoku-core solve method should solve the hard board 2`] = `
[
  {
    "strategy": "Visual Elimination Strategy",
    "type": "value",
    "updates": [
      {
        "filledValue": 2,
        "index": 0,
      },
    ],
  },
  {
    "strategy": "Visual Elimination Strategy",
    "type": "value",
    "updates": [
      {
        "filledValue": 3,
        "index": 9,
      },
    ],
  },
  {
    "strategy": "Visual Elimination Strategy",
    "type": "value",
    "updates": [
      {
        "filledValue": 9,
        "index": 10,
      },
    ],
  },
  {
    "strategy": "Visual Elimination Strategy",
    "type": "value",
    "updates": [
      {
        "filledValue": 7,
        "index": 1,
      },
    ],
  },
  {
    "strategy": "Open Singles Strategy",
    "type": "value",
    "updates": [
      {
        "filledValue": 6,
        "index": 18,
      },
    ],
  },
  {
    "strategy": "Visual Elimination Strategy",
    "type": "value",
    "updates": [
      {
        "filledValue": 5,
        "index": 5,
      },
    ],
  },
  {
    "strategy": "Visual Elimination Strategy",
    "type": "value",
    "updates": [
      {
        "filledValue": 4,
        "index": 12,
      },
    ],
  },
  {
    "strategy": "Visual Elimination Strategy",
    "type": "value",
    "updates": [
      {
        "filledValue": 9,
        "index": 3,
      },
    ],
  },
  {
    "strategy": "Visual Elimination Strategy",
    "type": "value",
    "updates": [
      {
        "filledValue": 4,
        "index": 8,
      },
    ],
  },
  {
    "strategy": "Open Singles Strategy",
    "type": "value",
    "updates": [
      {
        "filledValue": 1,
        "index": 7,
      },
    ],
  },
  {
    "strategy": "Visual Elimination Strategy",
    "type": "value",
    "updates": [
      {
        "filledValue": 2,
        "index": 13,
      },
    ],
  },
  {
    "strategy": "Open Singles Strategy",
    "type": "value",
    "updates": [
      {
        "filledValue": 7,
        "index": 22,
      },
    ],
  },
  {
    "strategy": "Visual Elimination Strategy",
    "type": "value",
    "updates": [
      {
        "filledValue": 8,
        "index": 16,
      },
    ],
  },
  {
    "strategy": "Open Singles Strategy",
    "type": "value",
    "updates": [
      {
        "filledValue": 5,
        "index": 15,
      },
    ],
  },
  {
    "strategy": "Visual Elimination Strategy",
    "type": "value",
    "updates": [
      {
        "filledValue": 2,
        "index": 25,
      },
    ],
  },
  {
    "strategy": "Visual Elimination Strategy",
    "type": "value",
    "updates": [
      {
        "filledValue": 1,
        "index": 72,
      },
    ],
  },
  {
    "strategy": "Open Singles Strategy",
    "type": "value",
    "updates": [
      {
        "filledValue": 4,
        "index": 63,
      },
    ],
  },
  {
    "strategy": "Visual Elimination Strategy",
    "type": "value",
    "updates": [
      {
        "filledValue": 3,
        "index": 64,
      },
    ],
  },
  {
    "strategy": "Visual Elimination Strategy",
    "type": "value",
    "updates": [
      {
        "filledValue": 2,
        "index": 55,
      },
    ],
  },
  {
    "strategy": "Single Candidate Strategy",
    "type": "value",
    "updates": [
      {
        "filledValue": 9,
        "index": 31,
      },
    ],
  },
  {
    "strategy": "Single Candidate Strategy",
    "type": "value",
    "updates": [
      {
        "filledValue": 5,
        "index": 53,
      },
    ],
  },
  {
    "strategy": "Single Candidate Strategy",
    "type": "value",
    "updates": [
      {
        "filledValue": 5,
        "index": 65,
      },
    ],
  },
  {
    "strategy": "Visual Elimination Strategy",
    "type": "value",
    "updates": [
      {
        "filledValue": 7,
        "index": 56,
      },
    ],
  },
  {
    "strategy": "Open Singles Strategy",
    "type": "value",
    "updates": [
      {
        "filledValue": 9,
        "index": 74,
      },
    ],
  },
  {
    "strategy": "Single Candidate Strategy",
    "type": "value",
    "updates": [
      {
        "filledValue": 5,
        "index": 57,
      },
    ],
  },
  {
    "strategy": "Single Candidate Strategy",
    "type": "value",
    "updates": [
      {
        "filledValue": 4,
        "index": 61,
      },
    ],
  },
  {
    "strategy": "Pointing Elimination Strategy",
    "type": "elimination",
    "updates": [
      {
        "eliminatedCandidate": 3,
        "index": 69,
      },
      {
        "eliminatedCandidate": 3,
        "index": 70,
      },
      {
        "eliminatedCandidate": 3,
        "index": 71,
      },
      {
        "eliminatedCandidate": 3,
        "index": 78,
      },
    ],
  },
  {
    "strategy": "Single Candidate Strategy",
    "type": "value",
    "updates": [
      {
        "filledValue": 9,
        "index": 69,
      },
    ],
  },
  {
    "strategy": "Visual Elimination Strategy",
    "type": "value",
    "updates": [
      {
        "filledValue": 3,
        "index": 24,
      },
    ],
  },
  {
    "strategy": "Open Singles Strategy",
    "type": "value",
    "updates": [
      {
        "filledValue": 9,
        "index": 26,
      },
    ],
  },
  {
    "strategy": "Visual Elimination Strategy",
    "type": "value",
    "updates": [
      {
        "filledValue": 1,
        "index": 60,
      },
    ],
  },
  {
    "strategy": "Visual Elimination Strategy",
    "type": "value",
    "updates": [
      {
        "filledValue": 6,
        "index": 58,
      },
    ],
  },
  {
    "strategy": "Open Singles Strategy",
    "type": "value",
    "updates": [
      {
        "filledValue": 3,
        "index": 62,
      },
    ],
  },
  {
    "strategy": "Visual Elimination Strategy",
    "type": "value",
    "updates": [
      {
        "filledValue": 7,
        "index": 78,
      },
    ],
  },
  {
    "strategy": "Visual Elimination Strategy",
    "type": "value",
    "updates": [
      {
        "filledValue": 6,
        "index": 70,
      },
    ],
  },
  {
    "strategy": "Open Singles Strategy",
    "type": "value",
    "updates": [
      {
        "filledValue": 7,
        "index": 43,
      },
    ],
  },
  {
    "strategy": "Open Singles Strategy",
    "type": "value",
    "updates": [
      {
        "filledValue": 8,
        "index": 71,
      },
    ],
  },
  {
    "strategy": "Open Singles Strategy",
    "type": "value",
    "updates": [
      {
        "filledValue": 6,
        "index": 44,
      },
    ],
  },
  {
    "strategy": "Visual Elimination Strategy",
    "type": "value",
    "updates": [
      {
        "filledValue": 1,
        "index": 67,
      },
    ],
  },
  {
    "strategy": "Open Singles Strategy",
    "type": "value",
    "updates": [
      {
        "filledValue": 7,
        "index": 68,
      },
    ],
  },
  {
    "strategy": "Open Singles Strategy",
    "type": "value",
    "updates": [
      {
        "filledValue": 8,
        "index": 49,
      },
    ],
  },
  {
    "strategy": "Visual Elimination Strategy",
    "type": "value",
    "updates": [
      {
        "filledValue": 2,
        "index": 32,
      },
    ],
  },
  {
    "strategy": "Visual Elimination Strategy",
    "type": "value",
    "updates": [
      {
        "filledValue": 6,
        "index": 29,
      },
    ],
  },
  {
    "strategy": "Visual Elimination Strategy",
    "type": "value",
    "updates": [
      {
        "filledValue": 7,
        "index": 30,
      },
    ],
  },
  {
    "strategy": "Visual Elimination Strategy",
    "type": "value",
    "updates": [
      {
        "filledValue": 3,
        "index": 50,
      },
    ],
  },
  {
    "strategy": "Open Singles Strategy",
    "type": "value",
    "updates": [
      {
        "filledValue": 8,
        "index": 77,
      },
    ],
  },
  {
    "strategy": "Open Singles Strategy",
    "type": "value",
    "updates": [
      {
        "filledValue": 3,
        "index": 75,
      },
    ],
  },
  {
    "strategy": "Visual Elimination Strategy",
    "type": "value",
    "updates": [
      {
        "filledValue": 1,
        "index": 39,
      },
    ],
  },
  {
    "strategy": "Open Singles Strategy",
    "type": "value",
    "updates": [
      {
        "filledValue": 6,
        "index": 48,
      },
    ],
  },
  {
    "strategy": "Visual Elimination Strategy",
    "type": "value",
    "updates": [
      {
        "filledValue": 8,
        "index": 37,
      },
    ],
  },
  {
    "strategy": "Visual Elimination Strategy",
    "type": "value",
    "updates": [
      {
        "filledValue": 4,
        "index": 28,
      },
    ],
  },
  {
    "strategy": "Open Singles Strategy",
    "type": "value",
    "updates": [
      {
        "filledValue": 8,
        "index": 33,
      },
    ],
  },
  {
    "strategy": "Open Singles Strategy",
    "type": "value",
    "updates": [
      {
        "filledValue": 1,
        "index": 46,
      },
    ],
  },
  {
    "strategy": "Visual Elimination Strategy",
    "type": "value",
    "updates": [
      {
        "filledValue": 2,
        "index": 42,
      },
    ],
  },
  {
    "strategy": "Open Singles Strategy",
    "type": "value",
    "updates": [
      {
        "filledValue": 3,
        "index": 38,
      },
    ],
  },
  {
    "strategy": "Open Singles Strategy",
    "type": "value",
    "updates": [
      {
        "filledValue": 2,
        "index": 47,
      },
    ],
  },
  {
    "strategy": "Open Singles Strategy",
    "type": "value",
    "updates": [
      {
        "filledValue": 4,
        "index": 51,
      },
    ],
  },
]
`;

exports[`sudoku-core solve method should solve the master board 1`] = `
[
  3,
  2,
  8,
  9,
  6,
  1,
  7,
  4,
  5,
  6,
  9,
  7,
  3,
  4,
  5,
  8,
  2,
  1,
  5,
  4,
  1,
  2,
  7,
  8,
  6,
  3,
  9,
  1,
  6,
  9,
  7,
  8,
  4,
  3,
  5,
  2,
  4,
  8,
  3,
  6,
  5,
  2,
  9,
  1,
  7,
  2,
  7,
  5,
  1,
  3,
  9,
  4,
  8,
  6,
  9,
  1,
  4,
  8,
  2,
  6,
  5,
  7,
  3,
  7,
  5,
  2,
  4,
  9,
  3,
  1,
  6,
  8,
  8,
  3,
  6,
  5,
  1,
  7,
  2,
  9,
  4,
]
`;

exports[`sudoku-core solve method should solve the master board 2`] = `
[
  {
    "strategy": "Single Candidate Strategy",
    "type": "value",
    "updates": [
      {
        "filledValue": 6,
        "index": 24,
      },
    ],
  },
  {
    "strategy": "Single Candidate Strategy",
    "type": "value",
    "updates": [
      {
        "filledValue": 5,
        "index": 18,
      },
    ],
  },
  {
    "strategy": "Single Candidate Strategy",
    "type": "value",
    "updates": [
      {
        "filledValue": 5,
        "index": 40,
      },
    ],
  },
  {
    "strategy": "Single Candidate Strategy",
    "type": "value",
    "updates": [
      {
        "filledValue": 1,
        "index": 48,
      },
    ],
  },
  {
    "strategy": "Single Candidate Strategy",
    "type": "value",
    "updates": [
      {
        "filledValue": 1,
        "index": 20,
      },
    ],
  },
  {
    "strategy": "Single Candidate Strategy",
    "type": "value",
    "updates": [
      {
        "filledValue": 1,
        "index": 17,
      },
    ],
  },
  {
    "strategy": "Single Candidate Strategy",
    "type": "value",
    "updates": [
      {
        "filledValue": 1,
        "index": 5,
      },
    ],
  },
  {
    "strategy": "Single Candidate Strategy",
    "type": "value",
    "updates": [
      {
        "filledValue": 6,
        "index": 4,
      },
    ],
  },
  {
    "strategy": "Single Candidate Strategy",
    "type": "value",
    "updates": [
      {
        "filledValue": 9,
        "index": 3,
      },
    ],
  },
  {
    "strategy": "Single Candidate Strategy",
    "type": "value",
    "updates": [
      {
        "filledValue": 1,
        "index": 27,
      },
    ],
  },
  {
    "strategy": "Single Candidate Strategy",
    "type": "value",
    "updates": [
      {
        "filledValue": 9,
        "index": 29,
      },
    ],
  },
  {
    "strategy": "Single Candidate Strategy",
    "type": "value",
    "updates": [
      {
        "filledValue": 1,
        "index": 69,
      },
    ],
  },
  {
    "strategy": "Single Candidate Strategy",
    "type": "value",
    "updates": [
      {
        "filledValue": 2,
        "index": 16,
      },
    ],
  },
  {
    "strategy": "Single Candidate Strategy",
    "type": "value",
    "updates": [
      {
        "filledValue": 7,
        "index": 11,
      },
    ],
  },
  {
    "strategy": "Single Candidate Strategy",
    "type": "value",
    "updates": [
      {
        "filledValue": 8,
        "index": 52,
      },
    ],
  },
  {
    "strategy": "Visual Elimination Strategy",
    "type": "value",
    "updates": [
      {
        "filledValue": 3,
        "index": 49,
      },
    ],
  },
  {
    "strategy": "Visual Elimination Strategy",
    "type": "value",
    "updates": [
      {
        "filledValue": 4,
        "index": 13,
      },
    ],
  },
  {
    "strategy": "Open Singles Strategy",
    "type": "value",
    "updates": [
      {
        "filledValue": 3,
        "index": 12,
      },
    ],
  },
  {
    "strategy": "Open Singles Strategy",
    "type": "value",
    "updates": [
      {
        "filledValue": 2,
        "index": 21,
      },
    ],
  },
  {
    "strategy": "Open Singles Strategy",
    "type": "value",
    "updates": [
      {
        "filledValue": 4,
        "index": 19,
      },
    ],
  },
  {
    "strategy": "Single Candidate Strategy",
    "type": "value",
    "updates": [
      {
        "filledValue": 2,
        "index": 1,
      },
    ],
  },
  {
    "strategy": "Naked Pair Strategy",
    "type": "elimination",
    "updates": [
      {
        "eliminatedCandidate": 3,
        "index": 6,
      },
      {
        "eliminatedCandidate": 8,
        "index": 6,
      },
      {
        "eliminatedCandidate": 3,
        "index": 8,
      },
      {
        "eliminatedCandidate": 8,
        "index": 8,
      },
    ],
  },
  {
    "strategy": "Naked Pair Strategy",
    "type": "elimination",
    "updates": [
      {
        "eliminatedCandidate": 8,
        "index": 6,
      },
      {
        "eliminatedCandidate": 8,
        "index": 8,
      },
    ],
  },
  {
    "strategy": "Naked Pair Strategy",
    "type": "elimination",
    "updates": [
      {
        "eliminatedCandidate": 8,
        "index": 6,
      },
      {
        "eliminatedCandidate": 8,
        "index": 8,
      },
    ],
  },
  {
    "strategy": "Naked Pair Strategy",
    "type": "elimination",
    "updates": [
      {
        "eliminatedCandidate": 8,
        "index": 6,
      },
      {
        "eliminatedCandidate": 8,
        "index": 8,
      },
    ],
  },
  {
    "strategy": "Naked Pair Strategy",
    "type": "elimination",
    "updates": [
      {
        "eliminatedCandidate": 8,
        "index": 6,
      },
      {
        "eliminatedCandidate": 8,
        "index": 8,
      },
    ],
  },
  {
    "strategy": "Naked Pair Strategy",
    "type": "elimination",
    "updates": [
      {
        "eliminatedCandidate": 3,
        "index": 72,
      },
      {
        "eliminatedCandidate": 7,
        "index": 72,
      },
      {
        "eliminatedCandidate": 3,
        "index": 75,
      },
      {
        "eliminatedCandidate": 7,
        "index": 75,
      },
      {
        "eliminatedCandidate": 3,
        "index": 79,
      },
      {
        "eliminatedCandidate": 7,
        "index": 79,
      },
      {
        "eliminatedCandidate": 3,
        "index": 80,
      },
      {
        "eliminatedCandidate": 7,
        "index": 80,
      },
    ],
  },
  {
    "strategy": "Single Candidate Strategy",
    "type": "value",
    "updates": [
      {
        "filledValue": 5,
        "index": 75,
      },
    ],
  },
  {
    "strategy": "Single Candidate Strategy",
    "type": "value",
    "updates": [
      {
        "filledValue": 8,
        "index": 72,
      },
    ],
  },
  {
    "strategy": "Visual Elimination Strategy",
    "type": "value",
    "updates": [
      {
        "filledValue": 3,
        "index": 0,
      },
    ],
  },
  {
    "strategy": "Open Singles Strategy",
    "type": "value",
    "updates": [
      {
        "filledValue": 8,
        "index": 2,
      },
    ],
  },
  {
    "strategy": "Single Candidate Strategy",
    "type": "value",
    "updates": [
      {
        "filledValue": 4,
        "index": 80,
      },
    ],
  },
  {
    "strategy": "Single Candidate Strategy",
    "type": "value",
    "updates": [
      {
        "filledValue": 4,
        "index": 51,
      },
    ],
  },
  {
    "strategy": "Single Candidate Strategy",
    "type": "value",
    "updates": [
      {
        "filledValue": 9,
        "index": 79,
      },
    ],
  },
  {
    "strategy": "Naked Pair Strategy",
    "type": "elimination",
    "updates": [
      {
        "eliminatedCandidate": 6,
        "index": 60,
      },
      {
        "eliminatedCandidate": 7,
        "index": 60,
      },
      {
        "eliminatedCandidate": 6,
        "index": 62,
      },
      {
        "eliminatedCandidate": 7,
        "index": 62,
      },
    ],
  },
  {
    "strategy": "Naked Pair Strategy",
    "type": "elimination",
    "updates": [
      {
        "eliminatedCandidate": 6,
        "index": 60,
      },
      {
        "eliminatedCandidate": 7,
        "index": 60,
      },
      {
        "eliminatedCandidate": 7,
        "index": 62,
      },
    ],
  },
  {
    "strategy": "Pointing Elimination Strategy",
    "type": "elimination",
    "updates": [
      {
        "eliminatedCandidate": 8,
        "index": 41,
      },
    ],
  },
  {
    "strategy": "Pointing Elimination Strategy",
    "type": "elimination",
    "updates": [
      {
        "eliminatedCandidate": 8,
        "index": 41,
      },
    ],
  },
  {
    "strategy": "Pointing Elimination Strategy",
    "type": "elimination",
    "updates": [
      {
        "eliminatedCandidate": 8,
        "index": 41,
      },
    ],
  },
  {
    "strategy": "Pointing Elimination Strategy",
    "type": "elimination",
    "updates": [
      {
        "eliminatedCandidate": 8,
        "index": 41,
      },
    ],
  },
  {
    "strategy": "Pointing Elimination Strategy",
    "type": "elimination",
    "updates": [
      {
        "eliminatedCandidate": 8,
        "index": 41,
      },
    ],
  },
  {
    "strategy": "Pointing Elimination Strategy",
    "type": "elimination",
    "updates": [
      {
        "eliminatedCandidate": 8,
        "index": 41,
      },
    ],
  },
  {
    "strategy": "Pointing Elimination Strategy",
    "type": "elimination",
    "updates": [
      {
        "eliminatedCandidate": 4,
        "index": 28,
      },
      {
        "eliminatedCandidate": 4,
        "index": 46,
      },
    ],
  },
  {
    "strategy": "Pointing Elimination Strategy",
    "type": "elimination",
    "updates": [
      {
        "eliminatedCandidate": 4,
        "index": 46,
      },
    ],
  },
  {
    "strategy": "Pointing Elimination Strategy",
    "type": "elimination",
    "updates": [
      {
        "eliminatedCandidate": 5,
        "index": 61,
      },
      {
        "eliminatedCandidate": 5,
        "index": 70,
      },
    ],
  },
  {
    "strategy": "Pointing Elimination Strategy",
    "type": "elimination",
    "updates": [
      {
        "eliminatedCandidate": 5,
        "index": 61,
      },
      {
        "eliminatedCandidate": 5,
        "index": 70,
      },
    ],
  },
  {
    "strategy": "Pointing Elimination Strategy",
    "type": "elimination",
    "updates": [
      {
        "eliminatedCandidate": 5,
        "index": 61,
      },
      {
        "eliminatedCandidate": 5,
        "index": 70,
      },
    ],
  },
  {
    "strategy": "Pointing Elimination Strategy",
    "type": "elimination",
    "updates": [
      {
        "eliminatedCandidate": 8,
        "index": 59,
      },
      {
        "eliminatedCandidate": 8,
        "index": 66,
      },
      {
        "eliminatedCandidate": 8,
        "index": 67,
      },
      {
        "eliminatedCandidate": 8,
        "index": 68,
      },
      {
        "eliminatedCandidate": 8,
        "index": 77,
      },
    ],
  },
  {
    "strategy": "Pointing Elimination Strategy",
    "type": "elimination",
    "updates": [
      {
        "eliminatedCandidate": 8,
        "index": 59,
      },
      {
        "eliminatedCandidate": 8,
        "index": 66,
      },
      {
        "eliminatedCandidate": 8,
        "index": 67,
      },
      {
        "eliminatedCandidate": 8,
        "index": 68,
      },
      {
        "eliminatedCandidate": 8,
        "index": 77,
      },
    ],
  },
  {
    "strategy": "Pointing Elimination Strategy",
    "type": "elimination",
    "updates": [
      {
        "eliminatedCandidate": 8,
        "index": 59,
      },
      {
        "eliminatedCandidate": 8,
        "index": 66,
      },
      {
        "eliminatedCandidate": 8,
        "index": 67,
      },
      {
        "eliminatedCandidate": 8,
        "index": 68,
      },
      {
        "eliminatedCandidate": 8,
        "index": 77,
      },
    ],
  },
  {
    "strategy": "Pointing Elimination Strategy",
    "type": "elimination",
    "updates": [
      {
        "eliminatedCandidate": 8,
        "index": 59,
      },
      {
        "eliminatedCandidate": 8,
        "index": 66,
      },
      {
        "eliminatedCandidate": 8,
        "index": 67,
      },
      {
        "eliminatedCandidate": 8,
        "index": 68,
      },
      {
        "eliminatedCandidate": 8,
        "index": 77,
      },
    ],
  },
  {
    "strategy": "Pointing Elimination Strategy",
    "type": "elimination",
    "updates": [
      {
        "eliminatedCandidate": 8,
        "index": 66,
      },
      {
        "eliminatedCandidate": 8,
        "index": 67,
      },
      {
        "eliminatedCandidate": 8,
        "index": 77,
      },
    ],
  },
  {
    "strategy": "Pointing Elimination Strategy",
    "type": "elimination",
    "updates": [
      {
        "eliminatedCandidate": 8,
        "index": 66,
      },
      {
        "eliminatedCandidate": 8,
        "index": 67,
      },
      {
        "eliminatedCandidate": 8,
        "index": 77,
      },
    ],
  },
  {
    "strategy": "Pointing Elimination Strategy",
    "type": "elimination",
    "updates": [
      {
        "eliminatedCandidate": 9,
        "index": 56,
      },
      {
        "eliminatedCandidate": 9,
        "index": 65,
      },
      {
        "eliminatedCandidate": 9,
        "index": 73,
      },
    ],
  },
  {
    "strategy": "Pointing Elimination Strategy",
    "type": "elimination",
    "updates": [
      {
        "eliminatedCandidate": 9,
        "index": 56,
      },
      {
        "eliminatedCandidate": 9,
        "index": 65,
      },
      {
        "eliminatedCandidate": 9,
        "index": 73,
      },
    ],
  },
  {
    "strategy": "Pointing Elimination Strategy",
    "type": "elimination",
    "updates": [
      {
        "eliminatedCandidate": 9,
        "index": 56,
      },
      {
        "eliminatedCandidate": 9,
        "index": 65,
      },
      {
        "eliminatedCandidate": 9,
        "index": 73,
      },
    ],
  },
  {
    "strategy": "Pointing Elimination Strategy",
    "type": "elimination",
    "updates": [
      {
        "eliminatedCandidate": 9,
        "index": 56,
      },
      {
        "eliminatedCandidate": 9,
        "index": 65,
      },
      {
        "eliminatedCandidate": 9,
        "index": 73,
      },
    ],
  },
  {
    "strategy": "Pointing Elimination Strategy",
    "type": "elimination",
    "updates": [
      {
        "eliminatedCandidate": 9,
        "index": 56,
      },
      {
        "eliminatedCandidate": 9,
        "index": 65,
      },
      {
        "eliminatedCandidate": 9,
        "index": 73,
      },
    ],
  },
  {
    "strategy": "Pointing Elimination Strategy",
    "type": "elimination",
    "updates": [
      {
        "eliminatedCandidate": 9,
        "index": 56,
      },
      {
        "eliminatedCandidate": 9,
        "index": 65,
      },
      {
        "eliminatedCandidate": 9,
        "index": 73,
      },
    ],
  },
  {
    "strategy": "Pointing Elimination Strategy",
    "type": "elimination",
    "updates": [
      {
        "eliminatedCandidate": 9,
        "index": 73,
      },
    ],
  },
  {
    "strategy": "Pointing Elimination Strategy",
    "type": "elimination",
    "updates": [
      {
        "eliminatedCandidate": 6,
        "index": 36,
      },
      {
        "eliminatedCandidate": 6,
        "index": 38,
      },
    ],
  },
  {
    "strategy": "Pointing Elimination Strategy",
    "type": "elimination",
    "updates": [
      {
        "eliminatedCandidate": 6,
        "index": 36,
      },
      {
        "eliminatedCandidate": 6,
        "index": 38,
      },
    ],
  },
  {
    "strategy": "Pointing Elimination Strategy",
    "type": "elimination",
    "updates": [
      {
        "eliminatedCandidate": 6,
        "index": 36,
      },
      {
        "eliminatedCandidate": 6,
        "index": 38,
      },
    ],
  },
  {
    "strategy": "Pointing Elimination Strategy",
    "type": "elimination",
    "updates": [
      {
        "eliminatedCandidate": 6,
        "index": 36,
      },
      {
        "eliminatedCandidate": 6,
        "index": 38,
      },
    ],
  },
  {
    "strategy": "Pointing Elimination Strategy",
    "type": "elimination",
    "updates": [
      {
        "eliminatedCandidate": 2,
        "index": 54,
      },
      {
        "eliminatedCandidate": 2,
        "index": 63,
      },
      {
        "eliminatedCandidate": 2,
        "index": 73,
      },
    ],
  },
  {
    "strategy": "Visual Elimination Strategy",
    "type": "value",
    "updates": [
      {
        "filledValue": 3,
        "index": 73,
      },
    ],
  },
  {
    "strategy": "Open Singles Strategy",
    "type": "value",
    "updates": [
      {
        "filledValue": 7,
        "index": 77,
      },
    ],
  },
  {
    "strategy": "Visual Elimination Strategy",
    "type": "value",
    "updates": [
      {
        "filledValue": 2,
        "index": 41,
      },
    ],
  },
  {
    "strategy": "Visual Elimination Strategy",
    "type": "value",
    "updates": [
      {
        "filledValue": 8,
        "index": 31,
      },
    ],
  },
  {
    "strategy": "Open Singles Strategy",
    "type": "value",
    "updates": [
      {
        "filledValue": 7,
        "index": 30,
      },
    ],
  },
  {
    "strategy": "Visual Elimination Strategy",
    "type": "value",
    "updates": [
      {
        "filledValue": 6,
        "index": 28,
      },
    ],
  },
  {
    "strategy": "Open Singles Strategy",
    "type": "value",
    "updates": [
      {
        "filledValue": 7,
        "index": 46,
      },
    ],
  },
  {
    "strategy": "Open Singles Strategy",
    "type": "value",
    "updates": [
      {
        "filledValue": 6,
        "index": 53,
      },
    ],
  },
  {
    "strategy": "Visual Elimination Strategy",
    "type": "value",
    "updates": [
      {
        "filledValue": 3,
        "index": 33,
      },
    ],
  },
  {
    "strategy": "Open Singles Strategy",
    "type": "value",
    "updates": [
      {
        "filledValue": 2,
        "index": 35,
      },
    ],
  },
  {
    "strategy": "Open Singles Strategy",
    "type": "value",
    "updates": [
      {
        "filledValue": 7,
        "index": 44,
      },
    ],
  },
  {
    "strategy": "Visual Elimination Strategy",
    "type": "value",
    "updates": [
      {
        "filledValue": 5,
        "index": 8,
      },
    ],
  },
  {
    "strategy": "Open Singles Strategy",
    "type": "value",
    "updates": [
      {
        "filledValue": 7,
        "index": 6,
      },
    ],
  },
  {
    "strategy": "Open Singles Strategy",
    "type": "value",
    "updates": [
      {
        "filledValue": 5,
        "index": 60,
      },
    ],
  },
  {
    "strategy": "Open Singles Strategy",
    "type": "value",
    "updates": [
      {
        "filledValue": 3,
        "index": 62,
      },
    ],
  },
  {
    "strategy": "Visual Elimination Strategy",
    "type": "value",
    "updates": [
      {
        "filledValue": 4,
        "index": 36,
      },
    ],
  },
  {
    "strategy": "Open Singles Strategy",
    "type": "value",
    "updates": [
      {
        "filledValue": 3,
        "index": 38,
      },
    ],
  },
  {
    "strategy": "Visual Elimination Strategy",
    "type": "value",
    "updates": [
      {
        "filledValue": 9,
        "index": 54,
      },
    ],
  },
  {
    "strategy": "Open Singles Strategy",
    "type": "value",
    "updates": [
      {
        "filledValue": 7,
        "index": 63,
      },
    ],
  },
  {
    "strategy": "Visual Elimination Strategy",
    "type": "value",
    "updates": [
      {
        "filledValue": 2,
        "index": 58,
      },
    ],
  },
  {
    "strategy": "Open Singles Strategy",
    "type": "value",
    "updates": [
      {
        "filledValue": 9,
        "index": 67,
      },
    ],
  },
  {
    "strategy": "Visual Elimination Strategy",
    "type": "value",
    "updates": [
      {
        "filledValue": 4,
        "index": 56,
      },
    ],
  },
  {
    "strategy": "Open Singles Strategy",
    "type": "value",
    "updates": [
      {
        "filledValue": 2,
        "index": 65,
      },
    ],
  },
  {
    "strategy": "Visual Elimination Strategy",
    "type": "value",
    "updates": [
      {
        "filledValue": 8,
        "index": 57,
      },
    ],
  },
  {
    "strategy": "Open Singles Strategy",
    "type": "value",
    "updates": [
      {
        "filledValue": 4,
        "index": 66,
      },
    ],
  },
  {
    "strategy": "Visual Elimination Strategy",
    "type": "value",
    "updates": [
      {
        "filledValue": 6,
        "index": 59,
      },
    ],
  },
  {
    "strategy": "Open Singles Strategy",
    "type": "value",
    "updates": [
      {
        "filledValue": 7,
        "index": 61,
      },
    ],
  },
  {
    "strategy": "Open Singles Strategy",
    "type": "value",
    "updates": [
      {
        "filledValue": 3,
        "index": 68,
      },
    ],
  },
  {
    "strategy": "Open Singles Strategy",
    "type": "value",
    "updates": [
      {
        "filledValue": 6,
        "index": 70,
      },
    ],
  },
]
`;

exports[`sudoku-core solve method should solve the medium board 1`] = `
[
  7,
  3,
  6,
  9,
  5,
  4,
  8,
  2,
  1,
  2,
  1,
  9,
  3,
  7,
  8,
  5,
  4,
  6,
  5,
  4,
  8,
  1,
  2,
  6,
  7,
  9,
  3,
  6,
  9,
  2,
  8,
  3,
  7,
  4,
  1,
  5,
  4,
  7,
  3,
  5,
  1,
  9,
  2,
  6,
  8,
  1,
  8,
  5,
  6,
  4,
  2,
  9,
  3,
  7,
  8,
  5,
  1,
  2,
  9,
  3,
  6,
  7,
  4,
  9,
  6,
  4,
  7,
  8,
  1,
  3,
  5,
  2,
  3,
  2,
  7,
  4,
  6,
  5,
  1,
  8,
  9,
]
`;

exports[`sudoku-core solve method should solve the medium board 2`] = `
[
  {
    "strategy": "Visual Elimination Strategy",
    "type": "value",
    "updates": [
      {
        "filledValue": 5,
        "index": 18,
      },
    ],
  },
  {
    "strategy": "Visual Elimination Strategy",
    "type": "value",
    "updates": [
      {
        "filledValue": 6,
        "index": 27,
      },
    ],
  },
  {
    "strategy": "Visual Elimination Strategy",
    "type": "value",
    "updates": [
      {
        "filledValue": 9,
        "index": 41,
      },
    ],
  },
  {
    "strategy": "Visual Elimination Strategy",
    "type": "value",
    "updates": [
      {
        "filledValue": 4,
        "index": 5,
      },
    ],
  },
  {
    "strategy": "Open Singles Strategy",
    "type": "value",
    "updates": [
      {
        "filledValue": 6,
        "index": 23,
      },
    ],
  },
  {
    "strategy": "Visual Elimination Strategy",
    "type": "value",
    "updates": [
      {
        "filledValue": 5,
        "index": 4,
      },
    ],
  },
  {
    "strategy": "Visual Elimination Strategy",
    "type": "value",
    "updates": [
      {
        "filledValue": 9,
        "index": 3,
      },
    ],
  },
  {
    "strategy": "Open Singles Strategy",
    "type": "value",
    "updates": [
      {
        "filledValue": 8,
        "index": 6,
      },
    ],
  },
  {
    "strategy": "Visual Elimination Strategy",
    "type": "value",
    "updates": [
      {
        "filledValue": 7,
        "index": 13,
      },
    ],
  },
  {
    "strategy": "Visual Elimination Strategy",
    "type": "value",
    "updates": [
      {
        "filledValue": 3,
        "index": 12,
      },
    ],
  },
  {
    "strategy": "Open Singles Strategy",
    "type": "value",
    "updates": [
      {
        "filledValue": 2,
        "index": 22,
      },
    ],
  },
  {
    "strategy": "Visual Elimination Strategy",
    "type": "value",
    "updates": [
      {
        "filledValue": 8,
        "index": 30,
      },
    ],
  },
  {
    "strategy": "Visual Elimination Strategy",
    "type": "value",
    "updates": [
      {
        "filledValue": 5,
        "index": 39,
      },
    ],
  },
  {
    "strategy": "Visual Elimination Strategy",
    "type": "value",
    "updates": [
      {
        "filledValue": 1,
        "index": 40,
      },
    ],
  },
  {
    "strategy": "Open Singles Strategy",
    "type": "value",
    "updates": [
      {
        "filledValue": 4,
        "index": 49,
      },
    ],
  },
  {
    "strategy": "Visual Elimination Strategy",
    "type": "value",
    "updates": [
      {
        "filledValue": 7,
        "index": 53,
      },
    ],
  },
  {
    "strategy": "Visual Elimination Strategy",
    "type": "value",
    "updates": [
      {
        "filledValue": 2,
        "index": 57,
      },
    ],
  },
  {
    "strategy": "Open Singles Strategy",
    "type": "value",
    "updates": [
      {
        "filledValue": 7,
        "index": 66,
      },
    ],
  },
  {
    "strategy": "Visual Elimination Strategy",
    "type": "value",
    "updates": [
      {
        "filledValue": 4,
        "index": 62,
      },
    ],
  },
  {
    "strategy": "Open Singles Strategy",
    "type": "value",
    "updates": [
      {
        "filledValue": 2,
        "index": 71,
      },
    ],
  },
  {
    "strategy": "Single Candidate Strategy",
    "type": "value",
    "updates": [
      {
        "filledValue": 7,
        "index": 24,
      },
    ],
  },
  {
    "strategy": "Single Candidate Strategy",
    "type": "value",
    "updates": [
      {
        "filledValue": 4,
        "index": 33,
      },
    ],
  },
  {
    "strategy": "Single Candidate Strategy",
    "type": "value",
    "updates": [
      {
        "filledValue": 5,
        "index": 47,
      },
    ],
  },
  {
    "strategy": "Visual Elimination Strategy",
    "type": "value",
    "updates": [
      {
        "filledValue": 1,
        "index": 56,
      },
    ],
  },
  {
    "strategy": "Visual Elimination Strategy",
    "type": "value",
    "updates": [
      {
        "filledValue": 8,
        "index": 54,
      },
    ],
  },
  {
    "strategy": "Visual Elimination Strategy",
    "type": "value",
    "updates": [
      {
        "filledValue": 6,
        "index": 60,
      },
    ],
  },
  {
    "strategy": "Open Singles Strategy",
    "type": "value",
    "updates": [
      {
        "filledValue": 5,
        "index": 55,
      },
    ],
  },
  {
    "strategy": "Visual Elimination Strategy",
    "type": "value",
    "updates": [
      {
        "filledValue": 3,
        "index": 69,
      },
    ],
  },
  {
    "strategy": "Visual Elimination Strategy",
    "type": "value",
    "updates": [
      {
        "filledValue": 2,
        "index": 42,
      },
    ],
  },
  {
    "strategy": "Visual Elimination Strategy",
    "type": "value",
    "updates": [
      {
        "filledValue": 3,
        "index": 38,
      },
    ],
  },
  {
    "strategy": "Open Singles Strategy",
    "type": "value",
    "updates": [
      {
        "filledValue": 6,
        "index": 43,
      },
    ],
  },
  {
    "strategy": "Visual Elimination Strategy",
    "type": "value",
    "updates": [
      {
        "filledValue": 1,
        "index": 45,
      },
    ],
  },
  {
    "strategy": "Open Singles Strategy",
    "type": "value",
    "updates": [
      {
        "filledValue": 3,
        "index": 72,
      },
    ],
  },
  {
    "strategy": "Visual Elimination Strategy",
    "type": "value",
    "updates": [
      {
        "filledValue": 9,
        "index": 51,
      },
    ],
  },
  {
    "strategy": "Open Singles Strategy",
    "type": "value",
    "updates": [
      {
        "filledValue": 3,
        "index": 52,
      },
    ],
  },
  {
    "strategy": "Open Singles Strategy",
    "type": "value",
    "updates": [
      {
        "filledValue": 1,
        "index": 78,
      },
    ],
  },
  {
    "strategy": "Visual Elimination Strategy",
    "type": "value",
    "updates": [
      {
        "filledValue": 4,
        "index": 65,
      },
    ],
  },
  {
    "strategy": "Visual Elimination Strategy",
    "type": "value",
    "updates": [
      {
        "filledValue": 9,
        "index": 11,
      },
    ],
  },
  {
    "strategy": "Visual Elimination Strategy",
    "type": "value",
    "updates": [
      {
        "filledValue": 4,
        "index": 16,
      },
    ],
  },
  {
    "strategy": "Open Singles Strategy",
    "type": "value",
    "updates": [
      {
        "filledValue": 1,
        "index": 10,
      },
    ],
  },
  {
    "strategy": "Open Singles Strategy",
    "type": "value",
    "updates": [
      {
        "filledValue": 4,
        "index": 19,
      },
    ],
  },
  {
    "strategy": "Open Singles Strategy",
    "type": "value",
    "updates": [
      {
        "filledValue": 9,
        "index": 25,
      },
    ],
  },
  {
    "strategy": "Visual Elimination Strategy",
    "type": "value",
    "updates": [
      {
        "filledValue": 2,
        "index": 29,
      },
    ],
  },
  {
    "strategy": "Open Singles Strategy",
    "type": "value",
    "updates": [
      {
        "filledValue": 9,
        "index": 28,
      },
    ],
  },
  {
    "strategy": "Open Singles Strategy",
    "type": "value",
    "updates": [
      {
        "filledValue": 7,
        "index": 74,
      },
    ],
  },
  {
    "strategy": "Visual Elimination Strategy",
    "type": "value",
    "updates": [
      {
        "filledValue": 6,
        "index": 64,
      },
    ],
  },
  {
    "strategy": "Open Singles Strategy",
    "type": "value",
    "updates": [
      {
        "filledValue": 2,
        "index": 73,
      },
    ],
  },
  {
    "strategy": "Visual Elimination Strategy",
    "type": "value",
    "updates": [
      {
        "filledValue": 8,
        "index": 67,
      },
    ],
  },
  {
    "strategy": "Open Singles Strategy",
    "type": "value",
    "updates": [
      {
        "filledValue": 5,
        "index": 70,
      },
    ],
  },
  {
    "strategy": "Open Singles Strategy",
    "type": "value",
    "updates": [
      {
        "filledValue": 6,
        "index": 76,
      },
    ],
  },
  {
    "strategy": "Open Singles Strategy",
    "type": "value",
    "updates": [
      {
        "filledValue": 8,
        "index": 79,
      },
    ],
  },
]
`;
